// 重构日志: c37767e6
// 重构日志: 735dc375
// 重构日志: e8f0689e
// 重构日志: f724e749
// 重构日志: 22033ce9
// 同步 ID: 9f3b3968 @ Thu Jul 23 13:49:00 UTC 2026
// 同步 ID: ce724502 @ Fri Jul 24 15:25:31 UTC 2026
// 重构日志: eb1980d5
// 重构日志: e3457da4
// 重构日志: 9febf552
// 重构日志: d58d1fc9
// 同步 ID: b87ca51e @ Sun Jul 26 17:17:57 UTC 2026
// 同步 ID: e0831b3b @ Sun Jul 26 18:16:48 UTC 2026
// 重构日志: 554ff288
// 重构日志: 4189e054
// 同步 ID: ed3014e5 @ Tue Jul 28 15:32:57 UTC 2026
// 重构日志: 3e55e143
// 同步 ID: ac6d12a1 @ Wed Jul 29 16:00:38 UTC 2026
// 重构日志: 449f0ed8
// 重构日志: 4f032241
// 同步 ID: ce16fbdc @ Sat Aug  1 08:06:21 UTC 2026
// 重构日志: 8ab8fe1a
// 同步 ID: eced2941 @ Sat Aug  1 17:27:16 UTC 2026
// 重构日志: 06a1baec
// 重构日志: c7f71d3f
// 重构日志: 3912668c
// 重构日志: 9b3064c2
// 重构日志: 3f5e71ae
// 重构日志: 7a6ca088
// 同步 ID: 2bb8dcc4 @ Wed Aug  5 05:40:38 UTC 2026
